======================================================================
AUTO-SCALING API TEST
======================================================================

[1/8] Logging in...
OK - Logged in

[2/8] Finding test container...
OK - Found container ID 21

[3/8] Checking existing policies...
Deleting old policy 3...
OK - Deleted

[4/8] Creating auto-scaling policy...
ERROR: {"enabled":true,"scale_up_cpu_threshold":10.0,"scale_up_memory_threshold":20.0,"scale_down_cpu_threshold":5.0,"scale_down_memory_threshold":15.0,"min_replicas":1,"max_replicas":3,"cooldown_period":60,"evaluation_period":60,"load_balancer_enabled":false,"load_balancer_port":null,"id":4,"container_id":21,"user_id":11,"created_at":"2026-01-24T13:40:11.822680+05:30","updated_at":null,"last_scaled_at":null}
